current directory: C:/Users/jacki/Desktop/School/Cal Badminton/badminton-website/vendor/bundle/ruby/3.4.0/gems/json-2.11.3/ext/json/ext/generator
C:/Ruby34-x64/bin/ruby.exe extconf.rb
checking for whether -std=c99 is accepted as CFLAGS... *** extconf.rb failed ***
Could not create Makefile due to some reason, probably lack of necessary
libraries and/or headers.  Check the mkmf.log file for more details.  You may
need configuration options.

Provided configuration options:
	--with-opt-dir
	--without-opt-dir
	--with-opt-include=${opt-dir}/include
	--without-opt-include
	--with-opt-lib=${opt-dir}/lib
	--without-opt-lib
	--with-make-prog
	--without-make-prog
	--srcdir=.
	--curdir
	--ruby=C:/Ruby34-x64/bin/$(RUBY_BASE_NAME)
C:/Ruby34-x64/lib/ruby/3.4.0/mkmf.rb:528:in 'MakeMakefile#try_do': The compiler failed to generate an executable file. (RuntimeError)
You have to install development tools first.

	from C:/Ruby34-x64/lib/ruby/3.4.0/mkmf.rb:655:in 'MakeMakefile#try_compile'
	from C:/Ruby34-x64/lib/ruby/3.4.0/mkmf.rb:737:in 'MakeMakefile#try_cflags'
	from C:/Ruby34-x64/lib/ruby/3.4.0/mkmf.rb:1110:in 'block (2 levels) in MakeMakefile#append_cflags'
	from C:/Ruby34-x64/lib/ruby/3.4.0/mkmf.rb:1070:in 'block in MakeMakefile#checking_for'
	from C:/Ruby34-x64/lib/ruby/3.4.0/mkmf.rb:370:in 'block (2 levels) in MakeMakefile::Logging.postpone'
	from C:/Ruby34-x64/lib/ruby/3.4.0/mkmf.rb:340:in 'MakeMakefile::Logging.open'
	from C:/Ruby34-x64/lib/ruby/3.4.0/mkmf.rb:370:in 'block in MakeMakefile::Logging.postpone'
	from C:/Ruby34-x64/lib/ruby/3.4.0/mkmf.rb:340:in 'MakeMakefile::Logging.open'
	from C:/Ruby34-x64/lib/ruby/3.4.0/mkmf.rb:366:in 'MakeMakefile::Logging.postpone'
	from C:/Ruby34-x64/lib/ruby/3.4.0/mkmf.rb:1069:in 'MakeMakefile#checking_for'
	from C:/Ruby34-x64/lib/ruby/3.4.0/mkmf.rb:1109:in 'block in MakeMakefile#append_cflags'
	from C:/Ruby34-x64/lib/ruby/3.4.0/mkmf.rb:1108:in 'Array#each'
	from C:/Ruby34-x64/lib/ruby/3.4.0/mkmf.rb:1108:in 'MakeMakefile#append_cflags'
	from extconf.rb:7:in '<main>'

To see why this extension failed to compile, please check the mkmf.log which can be found here:

  C:/Users/jacki/Desktop/School/Cal Badminton/badminton-website/vendor/bundle/ruby/3.4.0/extensions/x64-mingw-ucrt/3.4.0/json-2.11.3/mkmf.log

extconf failed, exit code 1
