append_cflags: checking for whether -std=c99 is accepted as CFLAGS... -------------------- yes

PATH=".;C:/Ruby34-x64/lib;C:\Ruby34-x64\bin;C:\msys64\ucrt64\bin;C:\msys64\usr\bin;C:\Users\jacki\bin;C:\Program Files\Git\mingw64\bin;C:\Program Files\Git\usr\local\bin;C:\Program Files\Git\usr\bin;C:\Program Files\Git\usr\bin;C:\Program Files\Git\mingw64\bin;C:\Program Files\Git\usr\bin;C:\Users\jacki\bin;C:\Program Files\Common Files\Oracle\Java\javapath;C:\Windows\system32;C:\Windows;C:\Windows\System32\Wbem;C:\Windows\System32\WindowsPowerShell\v1.0;C:\Windows\System32\OpenSSH;C:\Program Files\Git\cmd;C:\Program Files\nodejs;C:\Program Files\PostgreSQL\17\bin;C:\Program Files\dotnet;C:\Ruby34-x64\bin;C:\Users\jacki\AppData\Local\Programs\Python\Python311\Scripts;C:\Users\jacki\AppData\Local\Programs\Python\Python311;C:\Users\jacki\AppData\Local\Microsoft\WindowsApps;C:\Users\jacki\AppData\Local\Programs\Microsoft VS Code\bin;C:\Program Files\MongoDB\Tools\100\bin;C:\Program Files\MongoDB\Server\5.0\bin;C:\Users\jacki\AppData\Roaming\npm;C:\Program Files\Git\usr\bin\vendor_perl;C:\Program Files\Git\usr\bin\core_perl" ASAN_OPTIONS=detect_leaks=0 "gcc -o conftest.exe -IC:/Ruby34-x64/include/ruby-3.4.0/x64-mingw-ucrt -IC:/Ruby34-x64/include/ruby-3.4.0/ruby/backward -IC:/Ruby34-x64/include/ruby-3.4.0 -I. -D_WIN32_WINNT=0x0600 -D__MINGW_USE_VC2005_COMPAT -D_FILE_OFFSET_BITS=64  -O3 -fstack-protector-strong conftest.c -L. -LC:/Ruby34-x64/lib -L. -pipe -s -fstack-protector-strong -Wl,--no-as-needed     -lx64-ucrt-ruby340  -lshell32 -lws2_32 -liphlpapi -limagehlp -lshlwapi -lbcrypt  "
checked program was:
/* begin */
1: #include "ruby.h"
2: 
3: #include <winsock2.h>
4: #include <windows.h>
5: int main(int argc, char **argv)
6: {
7:   return !!argv[argc];
8: }
/* end */

PATH=".;C:/Ruby34-x64/lib;C:\Ruby34-x64\bin;C:\msys64\ucrt64\bin;C:\msys64\usr\bin;C:\Users\jacki\bin;C:\Program Files\Git\mingw64\bin;C:\Program Files\Git\usr\local\bin;C:\Program Files\Git\usr\bin;C:\Program Files\Git\usr\bin;C:\Program Files\Git\mingw64\bin;C:\Program Files\Git\usr\bin;C:\Users\jacki\bin;C:\Program Files\Common Files\Oracle\Java\javapath;C:\Windows\system32;C:\Windows;C:\Windows\System32\Wbem;C:\Windows\System32\WindowsPowerShell\v1.0;C:\Windows\System32\OpenSSH;C:\Program Files\Git\cmd;C:\Program Files\nodejs;C:\Program Files\PostgreSQL\17\bin;C:\Program Files\dotnet;C:\Ruby34-x64\bin;C:\Users\jacki\AppData\Local\Programs\Python\Python311\Scripts;C:\Users\jacki\AppData\Local\Programs\Python\Python311;C:\Users\jacki\AppData\Local\Microsoft\WindowsApps;C:\Users\jacki\AppData\Local\Programs\Microsoft VS Code\bin;C:\Program Files\MongoDB\Tools\100\bin;C:\Program Files\MongoDB\Server\5.0\bin;C:\Users\jacki\AppData\Roaming\npm;C:\Program Files\Git\usr\bin\vendor_perl;C:\Program Files\Git\usr\bin\core_perl" ASAN_OPTIONS=detect_leaks=0 "gcc -IC:/Ruby34-x64/include/ruby-3.4.0/x64-mingw-ucrt -IC:/Ruby34-x64/include/ruby-3.4.0/ruby/backward -IC:/Ruby34-x64/include/ruby-3.4.0 -I. -D_WIN32_WINNT=0x0600 -D__MINGW_USE_VC2005_COMPAT -D_FILE_OFFSET_BITS=64  -O3 -fstack-protector-strong  -std=c99 -Werror -c conftest.c"
checked program was:
/* begin */
1: #include "ruby.h"
2: 
3: #include <winsock2.h>
4: #include <windows.h>
5: int main(int argc, char **argv)
6: {
7:   return !!argv[argc];
8: }
/* end */

--------------------

